Category: 📺央视频道, Name: CCTV-1, Total: 79, Valid: 10, Valid Percent: 12.66%, Whitelist: 0, IPv4: 3, IPv6: 76, Min Delay: 30 ms, Max Speed: 33.70 M/s, Avg Speed: 9.58 M/s, Max Resolution: 1920x1080
Category: 📺央视频道, Name: CCTV-2, Total: 77, Valid: 13, Valid Percent: 16.88%, Whitelist: 0, IPv4: 1, IPv6: 76, Min Delay: 125 ms, Max Speed: 3.75 M/s, Avg Speed: 2.54 M/s, Max Resolution: 1920x1080
Category: 📺央视频道, Name: CCTV-3, Total: 76, Valid: 12, Valid Percent: 15.79%, Whitelist: 0, IPv4: 2, IPv6: 74, Min Delay: 122 ms, Max Speed: 3.67 M/s, Avg Speed: 2.71 M/s, Max Resolution: 1920x1080
Category: 📺央视频道, Name: CCTV-4, Total: 198, Valid: 5, Valid Percent: 2.53%, Whitelist: 0, IPv4: 0, IPv6: 198, Min Delay: 117 ms, Max Speed: 3.40 M/s, Avg Speed: 2.89 M/s, Max Resolution: 1920x1080
Category: 📺央视频道, Name: CCTV-5, Total: 153, Valid: 11, Valid Percent: 7.19%, Whitelist: 0, IPv4: 3, IPv6: 150, Min Delay: 125 ms, Max Speed: 4.65 M/s, Avg Speed: 3.06 M/s, Max Resolution: 1920x1080
Category: 📺央视频道, Name: CCTV-5+, Total: 19, Valid: 8, Valid Percent: 42.11%, Whitelist: 0, IPv4: 1, IPv6: 18, Min Delay: 50 ms, Max Speed: 21.27 M/s, Avg Speed: 4.53 M/s, Max Resolution: 1920x1080
Category: 📺央视频道, Name: CCTV-6, Total: 78, Valid: 11, Valid Percent: 14.10%, Whitelist: 0, IPv4: 1, IPv6: 77, Min Delay: 119 ms, Max Speed: 3.47 M/s, Avg Speed: 2.84 M/s, Max Resolution: 1920x1080
Category: 📺央视频道, Name: CCTV-7, Total: 80, Valid: 15, Valid Percent: 18.75%, Whitelist: 0, IPv4: 1, IPv6: 79, Min Delay: 120 ms, Max Speed: 3.86 M/s, Avg Speed: 2.67 M/s, Max Resolution: 1920x1080
Category: 📺央视频道, Name: CCTV-8, Total: 72, Valid: 7, Valid Percent: 9.72%, Whitelist: 0, IPv4: 1, IPv6: 71, Min Delay: 133 ms, Max Speed: 3.40 M/s, Avg Speed: 2.47 M/s, Max Resolution: 1920x1080
Category: 📺央视频道, Name: CCTV-9, Total: 81, Valid: 17, Valid Percent: 20.99%, Whitelist: 0, IPv4: 3, IPv6: 78, Min Delay: 128 ms, Max Speed: 3.41 M/s, Avg Speed: 2.49 M/s, Max Resolution: 1920x1080
Category: 📺央视频道, Name: CCTV-10, Total: 72, Valid: 7, Valid Percent: 9.72%, Whitelist: 0, IPv4: 1, IPv6: 71, Min Delay: 111 ms, Max Speed: 10.66 M/s, Avg Speed: 3.58 M/s, Max Resolution: 1920x1080
Category: 📺央视频道, Name: CCTV-11, Total: 78, Valid: 14, Valid Percent: 17.95%, Whitelist: 0, IPv4: 2, IPv6: 76, Min Delay: 123 ms, Max Speed: 16.38 M/s, Avg Speed: 4.26 M/s, Max Resolution: 1920x1080
Category: 📺央视频道, Name: CCTV-12, Total: 74, Valid: 10, Valid Percent: 13.51%, Whitelist: 0, IPv4: 1, IPv6: 73, Min Delay: 120 ms, Max Speed: 4.50 M/s, Avg Speed: 3.17 M/s, Max Resolution: 1920x1080
Category: 📺央视频道, Name: CCTV-13, Total: 85, Valid: 17, Valid Percent: 20.00%, Whitelist: 0, IPv4: 1, IPv6: 84, Min Delay: 75 ms, Max Speed: 16.31 M/s, Avg Speed: 3.23 M/s, Max Resolution: 1920x1080
Category: 📺央视频道, Name: CCTV-14, Total: 77, Valid: 12, Valid Percent: 15.58%, Whitelist: 0, IPv4: 3, IPv6: 74, Min Delay: 121 ms, Max Speed: 8.02 M/s, Avg Speed: 3.55 M/s, Max Resolution: 1920x1080
Category: 📺央视频道, Name: CCTV-15, Total: 78, Valid: 14, Valid Percent: 17.95%, Whitelist: 0, IPv4: 2, IPv6: 76, Min Delay: 117 ms, Max Speed: 18.14 M/s, Avg Speed: 3.93 M/s, Max Resolution: 1920x1080
Category: 📺央视频道, Name: CCTV-16, Total: 12, Valid: 4, Valid Percent: 33.33%, Whitelist: 0, IPv4: 3, IPv6: 9, Min Delay: 221 ms, Max Speed: 17.69 M/s, Avg Speed: 7.04 M/s, Max Resolution: 1920x1080
Category: 📺央视频道, Name: CCTV-17, Total: 78, Valid: 14, Valid Percent: 17.95%, Whitelist: 0, IPv4: 2, IPv6: 76, Min Delay: 121 ms, Max Speed: 9.78 M/s, Avg Speed: 2.89 M/s, Max Resolution: 1920x1080
Category: 📺央视频道, Name: CETV-1, Total: 88, Valid: 0, Valid Percent: 0.00%, Whitelist: 0, IPv4: 0, IPv6: 88, Min Delay: -1 ms, Max Speed: 0.00 M/s, Avg Speed: 0.00 M/s, Max Resolution: None
Category: 📺央视频道, Name: CETV-2, Total: 81, Valid: 0, Valid Percent: 0.00%, Whitelist: 0, IPv4: 0, IPv6: 81, Min Delay: -1 ms, Max Speed: 0.00 M/s, Avg Speed: 0.00 M/s, Max Resolution: None
Category: 📺央视频道, Name: CETV-3, Total: 7, Valid: 1, Valid Percent: 14.29%, Whitelist: 0, IPv4: 1, IPv6: 6, Min Delay: 501 ms, Max Speed: 0.27 M/s, Avg Speed: 0.27 M/s, Max Resolution: 720x576
Category: 📺央视频道, Name: CETV-4, Total: 85, Valid: 0, Valid Percent: 0.00%, Whitelist: 0, IPv4: 0, IPv6: 85, Min Delay: -1 ms, Max Speed: 0.00 M/s, Avg Speed: 0.00 M/s, Max Resolution: None
Category: 4K频道, Name: CCTV4 4k, Total: 198, Valid: 0, Valid Percent: 0.00%, Whitelist: 0, IPv4: 0, IPv6: 198, Min Delay: -1 ms, Max Speed: 0.00 M/s, Avg Speed: 0.00 M/s, Max Resolution: None
Category: 4K频道, Name: CCTV16 4k, Total: 9, Valid: 0, Valid Percent: 0.00%, Whitelist: 0, IPv4: 0, IPv6: 9, Min Delay: -1 ms, Max Speed: 0.00 M/s, Avg Speed: 0.00 M/s, Max Resolution: None
Category: 4K频道, Name: 湖南卫视4k, Total: 93, Valid: 5, Valid Percent: 5.38%, Whitelist: 0, IPv4: 5, IPv6: 88, Min Delay: 6 ms, Max Speed: 16.00 M/s, Avg Speed: 7.22 M/s, Max Resolution: 3840x2160
Category: 4K频道, Name: 浙江卫视4k, Total: 188, Valid: 4, Valid Percent: 2.13%, Whitelist: 0, IPv4: 4, IPv6: 184, Min Delay: 216 ms, Max Speed: 17.99 M/s, Avg Speed: 8.89 M/s, Max Resolution: 3840x2160
Category: 4K频道, Name: 四川卫视4k, Total: 17, Valid: 3, Valid Percent: 17.65%, Whitelist: 0, IPv4: 3, IPv6: 14, Min Delay: 269 ms, Max Speed: 4.38 M/s, Avg Speed: 2.48 M/s, Max Resolution: 1920x1080
Category: 4K频道, Name: 北京卫视4K, Total: 84, Valid: 3, Valid Percent: 3.57%, Whitelist: 0, IPv4: 3, IPv6: 81, Min Delay: 7 ms, Max Speed: 14.59 M/s, Avg Speed: 7.29 M/s, Max Resolution: 1920x1080
Category: 📡卫视频道, Name: 广东卫视, Total: 73, Valid: 4, Valid Percent: 5.48%, Whitelist: 0, IPv4: 2, IPv6: 71, Min Delay: 113 ms, Max Speed: 6.38 M/s, Avg Speed: 4.01 M/s, Max Resolution: 1920x1080
Category: 📡卫视频道, Name: 香港卫视, Total: 1, Valid: 0, Valid Percent: 0.00%, Whitelist: 0, IPv4: 0, IPv6: 1, Min Delay: -1 ms, Max Speed: 0.00 M/s, Avg Speed: 0.00 M/s, Max Resolution: None
Category: 📡卫视频道, Name: 浙江卫视, Total: 184, Valid: 0, Valid Percent: 0.00%, Whitelist: 0, IPv4: 0, IPv6: 184, Min Delay: -1 ms, Max Speed: 0.00 M/s, Avg Speed: 0.00 M/s, Max Resolution: None
Category: 📡卫视频道, Name: 湖南卫视, Total: 88, Valid: 0, Valid Percent: 0.00%, Whitelist: 0, IPv4: 0, IPv6: 88, Min Delay: -1 ms, Max Speed: 0.00 M/s, Avg Speed: 0.00 M/s, Max Resolution: None
Category: 📡卫视频道, Name: 北京卫视, Total: 81, Valid: 0, Valid Percent: 0.00%, Whitelist: 0, IPv4: 0, IPv6: 81, Min Delay: -1 ms, Max Speed: 0.00 M/s, Avg Speed: 0.00 M/s, Max Resolution: None
Category: 📡卫视频道, Name: 湖北卫视, Total: 84, Valid: 8, Valid Percent: 9.52%, Whitelist: 0, IPv4: 1, IPv6: 83, Min Delay: 105 ms, Max Speed: 3.79 M/s, Avg Speed: 3.13 M/s, Max Resolution: 1920x1080
Category: 📡卫视频道, Name: 黑龙江卫视, Total: 15, Valid: 2, Valid Percent: 13.33%, Whitelist: 0, IPv4: 2, IPv6: 13, Min Delay: 208 ms, Max Speed: 7.79 M/s, Avg Speed: 4.38 M/s, Max Resolution: 1920x1080
Category: 📡卫视频道, Name: 安徽卫视, Total: 15, Valid: 3, Valid Percent: 20.00%, Whitelist: 0, IPv4: 3, IPv6: 12, Min Delay: 230 ms, Max Speed: 3.91 M/s, Avg Speed: 2.51 M/s, Max Resolution: 1920x1080
Category: 📡卫视频道, Name: 重庆卫视, Total: 19, Valid: 4, Valid Percent: 21.05%, Whitelist: 0, IPv4: 4, IPv6: 15, Min Delay: 238 ms, Max Speed: 11.52 M/s, Avg Speed: 5.55 M/s, Max Resolution: 1920x1080
Category: 📡卫视频道, Name: 东方卫视, Total: 95, Valid: 15, Valid Percent: 15.79%, Whitelist: 0, IPv4: 3, IPv6: 92, Min Delay: 104 ms, Max Speed: 8.44 M/s, Avg Speed: 3.49 M/s, Max Resolution: 1920x1080
Category: 📡卫视频道, Name: 东南卫视, Total: 21, Valid: 7, Valid Percent: 33.33%, Whitelist: 0, IPv4: 3, IPv6: 18, Min Delay: 187 ms, Max Speed: 11.57 M/s, Avg Speed: 3.26 M/s, Max Resolution: 1920x1080
Category: 📡卫视频道, Name: 甘肃卫视, Total: 12, Valid: 2, Valid Percent: 16.67%, Whitelist: 0, IPv4: 1, IPv6: 11, Min Delay: 0.1 ms, Max Speed: 7.98 M/s, Avg Speed: 3.99 M/s, Max Resolution: 1920x1080
Category: 📡卫视频道, Name: 广西卫视, Total: 16, Valid: 5, Valid Percent: 31.25%, Whitelist: 0, IPv4: 3, IPv6: 13, Min Delay: 386 ms, Max Speed: 6.77 M/s, Avg Speed: 2.74 M/s, Max Resolution: 1920x1080
Category: 📡卫视频道, Name: 贵州卫视, Total: 13, Valid: 3, Valid Percent: 23.08%, Whitelist: 0, IPv4: 3, IPv6: 10, Min Delay: 219 ms, Max Speed: 7.24 M/s, Avg Speed: 3.41 M/s, Max Resolution: 1920x1080
Category: 📡卫视频道, Name: 海南卫视, Total: 133, Valid: 3, Valid Percent: 2.26%, Whitelist: 0, IPv4: 0, IPv6: 133, Min Delay: 110 ms, Max Speed: 3.69 M/s, Avg Speed: 3.58 M/s, Max Resolution: 1920x1080
Category: 📡卫视频道, Name: 河北卫视, Total: 14, Valid: 2, Valid Percent: 14.29%, Whitelist: 0, IPv4: 1, IPv6: 13, Min Delay: 634 ms, Max Speed: 4.07 M/s, Avg Speed: 2.36 M/s, Max Resolution: 1920x1080
Category: 📡卫视频道, Name: 河南卫视, Total: 81, Valid: 3, Valid Percent: 3.70%, Whitelist: 0, IPv4: 2, IPv6: 79, Min Delay: 11 ms, Max Speed: 40.59 M/s, Avg Speed: 15.93 M/s, Max Resolution: 1920x1080
Category: 📡卫视频道, Name: 吉林卫视, Total: 81, Valid: 6, Valid Percent: 7.41%, Whitelist: 0, IPv4: 1, IPv6: 80, Min Delay: 114 ms, Max Speed: 3.67 M/s, Avg Speed: 3.02 M/s, Max Resolution: 1920x1080
Category: 📡卫视频道, Name: 江苏卫视, Total: 115, Valid: 10, Valid Percent: 8.70%, Whitelist: 0, IPv4: 2, IPv6: 113, Min Delay: 111 ms, Max Speed: 3.73 M/s, Avg Speed: 2.24 M/s, Max Resolution: 1920x1080
Category: 📡卫视频道, Name: 江西卫视, Total: 83, Valid: 7, Valid Percent: 8.43%, Whitelist: 0, IPv4: 1, IPv6: 82, Min Delay: 121 ms, Max Speed: 3.38 M/s, Avg Speed: 3.05 M/s, Max Resolution: 1920x1080
Category: 📡卫视频道, Name: 辽宁卫视, Total: 83, Valid: 1, Valid Percent: 1.20%, Whitelist: 0, IPv4: 1, IPv6: 82, Min Delay: 231 ms, Max Speed: 16.05 M/s, Avg Speed: 16.05 M/s, Max Resolution: 1920x1080
Category: 📡卫视频道, Name: 内蒙古卫视, Total: 66, Valid: 1, Valid Percent: 1.52%, Whitelist: 0, IPv4: 1, IPv6: 65, Min Delay: 630 ms, Max Speed: 3.64 M/s, Avg Speed: 3.64 M/s, Max Resolution: 1920x1080
Category: 📡卫视频道, Name: 宁夏卫视, Total: 25, Valid: 2, Valid Percent: 8.00%, Whitelist: 0, IPv4: 2, IPv6: 23, Min Delay: 219 ms, Max Speed: 7.52 M/s, Avg Speed: 3.76 M/s, Max Resolution: 1920x1080
Category: 📡卫视频道, Name: 青海卫视, Total: 105, Valid: 4, Valid Percent: 3.81%, Whitelist: 0, IPv4: 3, IPv6: 102, Min Delay: 122 ms, Max Speed: 10.11 M/s, Avg Speed: 4.20 M/s, Max Resolution: 1920x1080
Category: 📡卫视频道, Name: 山东卫视, Total: 15, Valid: 3, Valid Percent: 20.00%, Whitelist: 0, IPv4: 2, IPv6: 13, Min Delay: 0.1 ms, Max Speed: 9.91 M/s, Avg Speed: 5.05 M/s, Max Resolution: 1920x1080
Category: 📡卫视频道, Name: 山西卫视, Total: 11, Valid: 2, Valid Percent: 18.18%, Whitelist: 0, IPv4: 3, IPv6: 8, Min Delay: 197 ms, Max Speed: 8.37 M/s, Avg Speed: 5.80 M/s, Max Resolution: 1920x1080
Category: 📡卫视频道, Name: 陕西卫视, Total: 79, Valid: 7, Valid Percent: 8.86%, Whitelist: 0, IPv4: 1, IPv6: 78, Min Delay: 122 ms, Max Speed: 10.35 M/s, Avg Speed: 3.97 M/s, Max Resolution: 1920x1080
Category: 📡卫视频道, Name: 四川卫视, Total: 14, Valid: 0, Valid Percent: 0.00%, Whitelist: 0, IPv4: 0, IPv6: 14, Min Delay: -1 ms, Max Speed: 0.00 M/s, Avg Speed: 0.00 M/s, Max Resolution: None
Category: 📡卫视频道, Name: 深圳卫视, Total: 16, Valid: 3, Valid Percent: 18.75%, Whitelist: 0, IPv4: 3, IPv6: 13, Min Delay: 215 ms, Max Speed: 2.61 M/s, Avg Speed: 1.51 M/s, Max Resolution: 1920x1080
Category: 📡卫视频道, Name: 三沙卫视, Total: 70, Valid: 1, Valid Percent: 1.43%, Whitelist: 0, IPv4: 1, IPv6: 69, Min Delay: 684 ms, Max Speed: 7.55 M/s, Avg Speed: 7.55 M/s, Max Resolution: 1920x1080
Category: 📡卫视频道, Name: 天津卫视, Total: 16, Valid: 3, Valid Percent: 18.75%, Whitelist: 0, IPv4: 3, IPv6: 13, Min Delay: 228 ms, Max Speed: 14.51 M/s, Avg Speed: 7.90 M/s, Max Resolution: 1920x1080
Category: 📡卫视频道, Name: 西藏卫视, Total: 5, Valid: 2, Valid Percent: 40.00%, Whitelist: 0, IPv4: 0, IPv6: 5, Min Delay: 1586 ms, Max Speed: 0.71 M/s, Avg Speed: 0.61 M/s, Max Resolution: 1920x1080
Category: 📡卫视频道, Name: 新疆卫视, Total: 9, Valid: 0, Valid Percent: 0.00%, Whitelist: 0, IPv4: 0, IPv6: 9, Min Delay: -1 ms, Max Speed: 0.00 M/s, Avg Speed: 0.00 M/s, Max Resolution: None
Category: 📡卫视频道, Name: 云南卫视, Total: 13, Valid: 2, Valid Percent: 15.38%, Whitelist: 0, IPv4: 2, IPv6: 11, Min Delay: 613 ms, Max Speed: 5.19 M/s, Avg Speed: 4.07 M/s, Max Resolution: 1920x1080
Category: 浙江频道, Name: 浙江钱江, Total: 2, Valid: 2, Valid Percent: 100.00%, Whitelist: 0, IPv4: 2, IPv6: 0, Min Delay: 1754 ms, Max Speed: 0.96 M/s, Avg Speed: 0.90 M/s, Max Resolution: 1920x1080
Category: 浙江频道, Name: 浙江生活, Total: 2, Valid: 2, Valid Percent: 100.00%, Whitelist: 0, IPv4: 1, IPv6: 1, Min Delay: 1155 ms, Max Speed: 1.00 M/s, Avg Speed: 0.52 M/s, Max Resolution: 1920x1080
Category: 浙江频道, Name: 浙江经济生活, Total: 1, Valid: 0, Valid Percent: 0.00%, Whitelist: 0, IPv4: 0, IPv6: 1, Min Delay: -1 ms, Max Speed: 0.00 M/s, Avg Speed: 0.00 M/s, Max Resolution: None
Category: 浙江频道, Name: 浙江教育, Total: 1, Valid: 0, Valid Percent: 0.00%, Whitelist: 0, IPv4: 0, IPv6: 1, Min Delay: -1 ms, Max Speed: 0.00 M/s, Avg Speed: 0.00 M/s, Max Resolution: None
Category: 浙江频道, Name: 浙江民生, Total: 1, Valid: 0, Valid Percent: 0.00%, Whitelist: 0, IPv4: 0, IPv6: 1, Min Delay: -1 ms, Max Speed: 0.00 M/s, Avg Speed: 0.00 M/s, Max Resolution: None
Category: 浙江频道, Name: 浙江新闻, Total: 4, Valid: 0, Valid Percent: 0.00%, Whitelist: 0, IPv4: 0, IPv6: 4, Min Delay: -1 ms, Max Speed: 0.00 M/s, Avg Speed: 0.00 M/s, Max Resolution: None
Category: 浙江频道, Name: 浙江少儿, Total: 1, Valid: 0, Valid Percent: 0.00%, Whitelist: 0, IPv4: 0, IPv6: 1, Min Delay: -1 ms, Max Speed: 0.00 M/s, Avg Speed: 0.00 M/s, Max Resolution: None
Category: 浙江频道, Name: 杭州综合, Total: 3, Valid: 0, Valid Percent: 0.00%, Whitelist: 0, IPv4: 0, IPv6: 3, Min Delay: -1 ms, Max Speed: 0.00 M/s, Avg Speed: 0.00 M/s, Max Resolution: None
Category: 浙江频道, Name: 杭州明珠, Total: 3, Valid: 0, Valid Percent: 0.00%, Whitelist: 0, IPv4: 0, IPv6: 3, Min Delay: -1 ms, Max Speed: 0.00 M/s, Avg Speed: 0.00 M/s, Max Resolution: None
Category: 浙江频道, Name: 杭州生活, Total: 4, Valid: 0, Valid Percent: 0.00%, Whitelist: 0, IPv4: 0, IPv6: 4, Min Delay: -1 ms, Max Speed: 0.00 M/s, Avg Speed: 0.00 M/s, Max Resolution: None
Category: 浙江频道, Name: 杭州影视, Total: 2, Valid: 0, Valid Percent: 0.00%, Whitelist: 0, IPv4: 0, IPv6: 2, Min Delay: -1 ms, Max Speed: 0.00 M/s, Avg Speed: 0.00 M/s, Max Resolution: None
Category: 浙江频道, Name: 杭州少体, Total: 1, Valid: 0, Valid Percent: 0.00%, Whitelist: 0, IPv4: 0, IPv6: 1, Min Delay: -1 ms, Max Speed: 0.00 M/s, Avg Speed: 0.00 M/s, Max Resolution: None
Category: 浙江频道, Name: 浙江教科, Total: 1, Valid: 1, Valid Percent: 100.00%, Whitelist: 0, IPv4: 1, IPv6: 0, Min Delay: 1822 ms, Max Speed: 1.00 M/s, Avg Speed: 1.00 M/s, Max Resolution: 1920x1080
Category: 浙江频道, Name: 之江纪录, Total: 1, Valid: 1, Valid Percent: 100.00%, Whitelist: 0, IPv4: 1, IPv6: 0, Min Delay: 1924 ms, Max Speed: 0.90 M/s, Avg Speed: 0.90 M/s, Max Resolution: 1920x1080
Category: 浙江频道, Name: 浙江国际, Total: 1, Valid: 1, Valid Percent: 100.00%, Whitelist: 0, IPv4: 1, IPv6: 0, Min Delay: 1659 ms, Max Speed: 0.90 M/s, Avg Speed: 0.90 M/s, Max Resolution: 1920x1080
Category: 浙江频道, Name: 湖州公共, Total: 4, Valid: 1, Valid Percent: 25.00%, Whitelist: 0, IPv4: 1, IPv6: 3, Min Delay: 1868 ms, Max Speed: 0.18 M/s, Avg Speed: 0.18 M/s, Max Resolution: 1280x720
Category: 浙江频道, Name: 湖州新闻综合, Total: 3, Valid: 3, Valid Percent: 100.00%, Whitelist: 0, IPv4: 3, IPv6: 0, Min Delay: 1631 ms, Max Speed: 0.26 M/s, Avg Speed: 0.23 M/s, Max Resolution: 1280x720
Category: 浙江频道, Name: 湖州文化娱乐, Total: 3, Valid: 3, Valid Percent: 100.00%, Whitelist: 0, IPv4: 3, IPv6: 0, Min Delay: 2080 ms, Max Speed: 0.58 M/s, Avg Speed: 0.55 M/s, Max Resolution: 1280x720
Category: 浙江频道, Name: 浙江留学, Total: 1, Valid: 1, Valid Percent: 100.00%, Whitelist: 0, IPv4: 1, IPv6: 0, Min Delay: 1429 ms, Max Speed: 0.26 M/s, Avg Speed: 0.26 M/s, Max Resolution: 1920x1080
Category: 浙江频道, Name: 浙江民生休闲, Total: 1, Valid: 0, Valid Percent: 0.00%, Whitelist: 0, IPv4: 0, IPv6: 1, Min Delay: -1 ms, Max Speed: 0.00 M/s, Avg Speed: 0.00 M/s, Max Resolution: None
Category: 浙江频道, Name: 浙江教科影视, Total: 1, Valid: 0, Valid Percent: 0.00%, Whitelist: 0, IPv4: 0, IPv6: 1, Min Delay: -1 ms, Max Speed: 0.00 M/s, Avg Speed: 0.00 M/s, Max Resolution: None
Category: 浙江频道, Name: 浙江公共新闻, Total: 1, Valid: 0, Valid Percent: 0.00%, Whitelist: 0, IPv4: 0, IPv6: 1, Min Delay: -1 ms, Max Speed: 0.00 M/s, Avg Speed: 0.00 M/s, Max Resolution: None
Category: 浙江频道, Name: 浙江休闲台, Total: 1, Valid: 1, Valid Percent: 100.00%, Whitelist: 0, IPv4: 1, IPv6: 0, Min Delay: 1713 ms, Max Speed: 0.85 M/s, Avg Speed: 0.85 M/s, Max Resolution: 1280x720
Category: 浙江频道, Name: 浙江青田, Total: 2, Valid: 2, Valid Percent: 100.00%, Whitelist: 0, IPv4: 2, IPv6: 0, Min Delay: 2300 ms, Max Speed: 0.56 M/s, Avg Speed: 0.54 M/s, Max Resolution: 1920x1080
Category: 浙江频道, Name: 浙江遂昌, Total: 1, Valid: 1, Valid Percent: 100.00%, Whitelist: 0, IPv4: 1, IPv6: 0, Min Delay: 2009 ms, Max Speed: 0.43 M/s, Avg Speed: 0.43 M/s, Max Resolution: 1920x1080
Category: 浙江频道, Name: 诸暨新闻综合, Total: 3, Valid: 3, Valid Percent: 100.00%, Whitelist: 0, IPv4: 3, IPv6: 0, Min Delay: 3001 ms, Max Speed: 0.69 M/s, Avg Speed: 0.63 M/s, Max Resolution: 1920x1080
Category: 浙江频道, Name: 龙游生活娱乐, Total: 3, Valid: 3, Valid Percent: 100.00%, Whitelist: 0, IPv4: 3, IPv6: 0, Min Delay: 2829 ms, Max Speed: 0.74 M/s, Avg Speed: 0.65 M/s, Max Resolution: 1280x720
Category: 浙江频道, Name: 龙游新闻综合, Total: 2, Valid: 2, Valid Percent: 100.00%, Whitelist: 0, IPv4: 2, IPv6: 0, Min Delay: 3001 ms, Max Speed: 0.66 M/s, Avg Speed: 0.62 M/s, Max Resolution: 1280x720
Category: 浙江频道, Name: 龙泉新闻综合, Total: 1, Valid: 1, Valid Percent: 100.00%, Whitelist: 0, IPv4: 1, IPv6: 0, Min Delay: 2683 ms, Max Speed: 0.65 M/s, Avg Speed: 0.65 M/s, Max Resolution: 1920x1080
Category: 浙江频道, Name: 遂昌综合, Total: 1, Valid: 1, Valid Percent: 100.00%, Whitelist: 0, IPv4: 1, IPv6: 0, Min Delay: 2289 ms, Max Speed: 0.39 M/s, Avg Speed: 0.39 M/s, Max Resolution: 1920x1080
Category: 浙江频道, Name: 象山综合, Total: 1, Valid: 1, Valid Percent: 100.00%, Whitelist: 0, IPv4: 1, IPv6: 0, Min Delay: 518 ms, Max Speed: 2.47 M/s, Avg Speed: 2.47 M/s, Max Resolution: 1920x1080
Category: 浙江频道, Name: 衢江新闻综合, Total: 5, Valid: 1, Valid Percent: 20.00%, Whitelist: 0, IPv4: 1, IPv6: 4, Min Delay: 3001 ms, Max Speed: 0.71 M/s, Avg Speed: 0.71 M/s, Max Resolution: 1920x1080
Category: 浙江频道, Name: 萧山生活, Total: 3, Valid: 3, Valid Percent: 100.00%, Whitelist: 0, IPv4: 3, IPv6: 0, Min Delay: 3001 ms, Max Speed: 0.68 M/s, Avg Speed: 0.62 M/s, Max Resolution: 1280x720
Category: 浙江频道, Name: 萧山新闻综合, Total: 11, Valid: 3, Valid Percent: 27.27%, Whitelist: 0, IPv4: 3, IPv6: 8, Min Delay: 3001 ms, Max Speed: 0.73 M/s, Avg Speed: 0.71 M/s, Max Resolution: 1280x720
Category: 浙江频道, Name: 苍南新闻综合, Total: 7, Valid: 3, Valid Percent: 42.86%, Whitelist: 0, IPv4: 3, IPv6: 4, Min Delay: 3001 ms, Max Speed: 0.71 M/s, Avg Speed: 0.69 M/s, Max Resolution: 1920x1080
Category: 浙江频道, Name: 缙云综合, Total: 2, Valid: 2, Valid Percent: 100.00%, Whitelist: 0, IPv4: 2, IPv6: 0, Min Delay: 2626 ms, Max Speed: 0.60 M/s, Avg Speed: 0.59 M/s, Max Resolution: 1280x720
Category: 浙江频道, Name: 缙云新闻综合, Total: 2, Valid: 2, Valid Percent: 100.00%, Whitelist: 0, IPv4: 2, IPv6: 0, Min Delay: 2500 ms, Max Speed: 0.64 M/s, Avg Speed: 0.61 M/s, Max Resolution: 1280x720
Category: 浙江频道, Name: 绍兴电视台公共, Total: 2, Valid: 2, Valid Percent: 100.00%, Whitelist: 0, IPv4: 2, IPv6: 0, Min Delay: 3002 ms, Max Speed: 0.03 M/s, Avg Speed: 0.02 M/s, Max Resolution: 1280x720
Category: 浙江频道, Name: 绍兴新闻综合, Total: 7, Valid: 4, Valid Percent: 57.14%, Whitelist: 0, IPv4: 4, IPv6: 3, Min Delay: 3002 ms, Max Speed: 0.07 M/s, Avg Speed: 0.05 M/s, Max Resolution: 1280x720
Category: 浙江频道, Name: 绍兴文化影院, Total: 6, Valid: 2, Valid Percent: 33.33%, Whitelist: 0, IPv4: 2, IPv6: 4, Min Delay: 3002 ms, Max Speed: 0.06 M/s, Avg Speed: 0.05 M/s, Max Resolution: 1280x720
Category: 浙江频道, Name: 绍兴文化影视, Total: 2, Valid: 1, Valid Percent: 50.00%, Whitelist: 0, IPv4: 1, IPv6: 1, Min Delay: 3002 ms, Max Speed: 0.07 M/s, Avg Speed: 0.07 M/s, Max Resolution: 1280x720
Category: 浙江频道, Name: 湖州公共民生, Total: 1, Valid: 1, Valid Percent: 100.00%, Whitelist: 0, IPv4: 1, IPv6: 0, Min Delay: 1394 ms, Max Speed: 0.26 M/s, Avg Speed: 0.26 M/s, Max Resolution: 1280x720
Category: 浙江频道, Name: 海宁新闻综合, Total: 3, Valid: 3, Valid Percent: 100.00%, Whitelist: 0, IPv4: 3, IPv6: 0, Min Delay: 158 ms, Max Speed: 2.95 M/s, Avg Speed: 2.00 M/s, Max Resolution: 1280x720
Category: 浙江频道, Name: 洞头综合, Total: 2, Valid: 2, Valid Percent: 100.00%, Whitelist: 0, IPv4: 2, IPv6: 0, Min Delay: 2907 ms, Max Speed: 0.60 M/s, Avg Speed: 0.50 M/s, Max Resolution: 720x540
Category: 浙江频道, Name: 永嘉新闻综合, Total: 6, Valid: 3, Valid Percent: 50.00%, Whitelist: 0, IPv4: 3, IPv6: 3, Min Delay: 3001 ms, Max Speed: 0.68 M/s, Avg Speed: 0.55 M/s, Max Resolution: 1920x1080
Category: 浙江频道, Name: 武义新闻综合, Total: 4, Valid: 3, Valid Percent: 75.00%, Whitelist: 0, IPv4: 3, IPv6: 1, Min Delay: 2251 ms, Max Speed: 0.49 M/s, Avg Speed: 0.48 M/s, Max Resolution: 720x576
Category: 浙江频道, Name: 松阳综合, Total: 5, Valid: 5, Valid Percent: 100.00%, Whitelist: 0, IPv4: 5, IPv6: 0, Min Delay: 3001 ms, Max Speed: 0.73 M/s, Avg Speed: 0.68 M/s, Max Resolution: 1920x1080
Category: 浙江频道, Name: 普陀电视台, Total: 2, Valid: 2, Valid Percent: 100.00%, Whitelist: 0, IPv4: 2, IPv6: 0, Min Delay: 2788 ms, Max Speed: 0.60 M/s, Avg Speed: 0.49 M/s, Max Resolution: 1280x720
Category: 浙江频道, Name: 普陀新闻综合, Total: 2, Valid: 2, Valid Percent: 100.00%, Whitelist: 0, IPv4: 2, IPv6: 0, Min Delay: 2624 ms, Max Speed: 0.62 M/s, Avg Speed: 0.60 M/s, Max Resolution: 1280x720
Category: 浙江频道, Name: 新昌生活, Total: 1, Valid: 1, Valid Percent: 100.00%, Whitelist: 0, IPv4: 1, IPv6: 0, Min Delay: 3002 ms, Max Speed: 0.30 M/s, Avg Speed: 0.30 M/s, Max Resolution: 1920x1080
Category: 浙江频道, Name: 新昌新闻综合, Total: 2, Valid: 2, Valid Percent: 100.00%, Whitelist: 0, IPv4: 2, IPv6: 0, Min Delay: 3001 ms, Max Speed: 0.59 M/s, Avg Speed: 0.59 M/s, Max Resolution: 1920x1080
Category: 浙江频道, Name: 文成综合, Total: 2, Valid: 2, Valid Percent: 100.00%, Whitelist: 0, IPv4: 2, IPv6: 0, Min Delay: 2603 ms, Max Speed: 0.62 M/s, Avg Speed: 0.56 M/s, Max Resolution: 1280x720
Category: 浙江频道, Name: 文成新闻综合, Total: 2, Valid: 2, Valid Percent: 100.00%, Whitelist: 0, IPv4: 2, IPv6: 0, Min Delay: 2823 ms, Max Speed: 0.60 M/s, Avg Speed: 0.49 M/s, Max Resolution: 1280x720
Category: 浙江频道, Name: 数码时代, Total: 1, Valid: 1, Valid Percent: 100.00%, Whitelist: 0, IPv4: 1, IPv6: 0, Min Delay: 2013 ms, Max Speed: 1.18 M/s, Avg Speed: 1.18 M/s, Max Resolution: 1280x720
Category: 浙江频道, Name: 开化新闻综合, Total: 3, Valid: 1, Valid Percent: 33.33%, Whitelist: 0, IPv4: 1, IPv6: 2, Min Delay: 2828 ms, Max Speed: 0.60 M/s, Avg Speed: 0.60 M/s, Max Resolution: 1280x720
Category: 浙江频道, Name: 开化国家公园, Total: 4, Valid: 4, Valid Percent: 100.00%, Whitelist: 0, IPv4: 4, IPv6: 0, Min Delay: 2611 ms, Max Speed: 0.61 M/s, Avg Speed: 0.59 M/s, Max Resolution: 1280x720
Category: 浙江频道, Name: 庆元综合, Total: 5, Valid: 5, Valid Percent: 100.00%, Whitelist: 0, IPv4: 5, IPv6: 0, Min Delay: 3000 ms, Max Speed: 0.77 M/s, Avg Speed: 0.73 M/s, Max Resolution: 1920x1080
Category: 浙江频道, Name: 平湖民生休闲, Total: 2, Valid: 2, Valid Percent: 100.00%, Whitelist: 0, IPv4: 2, IPv6: 0, Min Delay: 1695 ms, Max Speed: 0.19 M/s, Avg Speed: 0.19 M/s, Max Resolution: 1280x720
Category: 浙江频道, Name: 平湖新闻综合, Total: 7, Valid: 3, Valid Percent: 42.86%, Whitelist: 0, IPv4: 3, IPv6: 4, Min Delay: 1465 ms, Max Speed: 1.48 M/s, Avg Speed: 0.94 M/s, Max Resolution: 1280x720
Category: 浙江频道, Name: 嵊泗综合, Total: 5, Valid: 2, Valid Percent: 40.00%, Whitelist: 0, IPv4: 2, IPv6: 3, Min Delay: 2785 ms, Max Speed: 0.63 M/s, Avg Speed: 0.61 M/s, Max Resolution: 1280x720
Category: 浙江频道, Name: 嵊州新闻综合, Total: 4, Valid: 2, Valid Percent: 50.00%, Whitelist: 0, IPv4: 3, IPv6: 1, Min Delay: 1045 ms, Max Speed: 0.64 M/s, Avg Speed: 0.64 M/s, Max Resolution: 1280x720
Category: 浙江频道, Name: 兰溪新闻综合, Total: 5, Valid: 3, Valid Percent: 60.00%, Whitelist: 0, IPv4: 3, IPv6: 2, Min Delay: 2795 ms, Max Speed: 0.65 M/s, Avg Speed: 0.58 M/s, Max Resolution: 1280x720
Category: 浙江频道, Name: 余杭综合, Total: 2, Valid: 2, Valid Percent: 100.00%, Whitelist: 0, IPv4: 2, IPv6: 0, Min Delay: 2320 ms, Max Speed: 0.54 M/s, Avg Speed: 0.51 M/s, Max Resolution: 1920x1080
Category: 浙江频道, Name: 余杭未来E, Total: 1, Valid: 1, Valid Percent: 100.00%, Whitelist: 0, IPv4: 1, IPv6: 0, Min Delay: 3001 ms, Max Speed: 0.56 M/s, Avg Speed: 0.56 M/s, Max Resolution: 1920x1080
Category: 浙江频道, Name: 余姚综合, Total: 3, Valid: 3, Valid Percent: 100.00%, Whitelist: 0, IPv4: 3, IPv6: 0, Min Delay: 2709 ms, Max Speed: 0.65 M/s, Avg Speed: 0.63 M/s, Max Resolution: 1920x1080
Category: 浙江频道, Name: 余姚姚江文化, Total: 1, Valid: 1, Valid Percent: 100.00%, Whitelist: 0, IPv4: 1, IPv6: 0, Min Delay: 2986 ms, Max Speed: 0.62 M/s, Avg Speed: 0.62 M/s, Max Resolution: 1920x1080
Category: 浙江频道, Name: 云和新闻综合, Total: 2, Valid: 2, Valid Percent: 100.00%, Whitelist: 0, IPv4: 2, IPv6: 0, Min Delay: 3001 ms, Max Speed: 0.73 M/s, Avg Speed: 0.72 M/s, Max Resolution: 1280x720
Category: 浙江频道, Name: 东阳影视生活, Total: 1, Valid: 1, Valid Percent: 100.00%, Whitelist: 0, IPv4: 1, IPv6: 0, Min Delay: 3002 ms, Max Speed: 0.80 M/s, Avg Speed: 0.80 M/s, Max Resolution: 1280x720
Category: 浙江频道, Name: 上虞新闻综合, Total: 2, Valid: 2, Valid Percent: 100.00%, Whitelist: 0, IPv4: 2, IPv6: 0, Min Delay: 3001 ms, Max Speed: 0.75 M/s, Avg Speed: 0.73 M/s, Max Resolution: 1920x1080
Category: 浙江频道, Name: 上虞新商都, Total: 9, Valid: 3, Valid Percent: 33.33%, Whitelist: 0, IPv4: 3, IPv6: 6, Min Delay: 3001 ms, Max Speed: 0.70 M/s, Avg Speed: 0.66 M/s, Max Resolution: 1920x1080
Category: 浙江频道, Name: 上虞文化影院, Total: 7, Valid: 3, Valid Percent: 42.86%, Whitelist: 0, IPv4: 3, IPv6: 4, Min Delay: 3001 ms, Max Speed: 0.70 M/s, Avg Speed: 0.65 M/s, Max Resolution: 1920x1080
Category: 🌊港·澳·台, Name: 翡翠台, Total: 214, Valid: 20, Valid Percent: 9.35%, Whitelist: 0, IPv4: 9, IPv6: 205, Min Delay: 12 ms, Max Speed: 139.47 M/s, Avg Speed: 37.56 M/s, Max Resolution: 3840x2160
Category: 🌊港·澳·台, Name: 明珠台, Total: 107, Valid: 3, Valid Percent: 2.80%, Whitelist: 0, IPv4: 2, IPv6: 105, Min Delay: 44 ms, Max Speed: 65.33 M/s, Avg Speed: 36.41 M/s, Max Resolution: 1920x1080
Category: 🌊港·澳·台, Name: 凤凰中文, Total: 128, Valid: 7, Valid Percent: 5.47%, Whitelist: 0, IPv4: 3, IPv6: 125, Min Delay: 11 ms, Max Speed: 108.95 M/s, Avg Speed: 43.58 M/s, Max Resolution: 1920x1080
Category: 🌊港·澳·台, Name: 凤凰资讯, Total: 130, Valid: 8, Valid Percent: 6.15%, Whitelist: 0, IPv4: 2, IPv6: 128, Min Delay: 54 ms, Max Speed: 102.30 M/s, Avg Speed: 34.43 M/s, Max Resolution: 1920x1080
Category: 🌊港·澳·台, Name: 凤凰香港, Total: 129, Valid: 9, Valid Percent: 6.98%, Whitelist: 0, IPv4: 3, IPv6: 126, Min Delay: 11 ms, Max Speed: 89.06 M/s, Avg Speed: 26.97 M/s, Max Resolution: 1920x1080
Category: 🌊港·澳·台, Name: 凤凰卫视, Total: 2, Valid: 1, Valid Percent: 50.00%, Whitelist: 0, IPv4: 0, IPv6: 2, Min Delay: 953 ms, Max Speed: 10.06 M/s, Avg Speed: 10.06 M/s, Max Resolution: 1920x1080
Category: 🌊港·澳·台, Name: TVBS亚洲, Total: 1, Valid: 1, Valid Percent: 100.00%, Whitelist: 0, IPv4: 0, IPv6: 1, Min Delay: 253 ms, Max Speed: 12.07 M/s, Avg Speed: 12.07 M/s, Max Resolution: 1920x1080
Category: 🌊港·澳·台, Name: 香港卫视, Total: 1, Valid: 0, Valid Percent: 0.00%, Whitelist: 0, IPv4: 0, IPv6: 1, Min Delay: -1 ms, Max Speed: 0.00 M/s, Avg Speed: 0.00 M/s, Max Resolution: None
Category: 🌊港·澳·台, Name: 纬来体育, Total: 6, Valid: 6, Valid Percent: 100.00%, Whitelist: 0, IPv4: 4, IPv6: 2, Min Delay: 12 ms, Max Speed: 26.76 M/s, Avg Speed: 16.51 M/s, Max Resolution: 1920x1080
Category: 🌊港·澳·台, Name: 纬来育乐, Total: 39, Valid: 1, Valid Percent: 2.56%, Whitelist: 0, IPv4: 1, IPv6: 38, Min Delay: 13 ms, Max Speed: 23.95 M/s, Avg Speed: 23.95 M/s, Max Resolution: 1920x1080
Category: 🌊港·澳·台, Name: J2, Total: 2, Valid: 1, Valid Percent: 50.00%, Whitelist: 0, IPv4: 0, IPv6: 2, Min Delay: 482 ms, Max Speed: 5.59 M/s, Avg Speed: 5.59 M/s, Max Resolution: 1920x1080
Category: 🌊港·澳·台, Name: Viutv, Total: 2, Valid: 2, Valid Percent: 100.00%, Whitelist: 0, IPv4: 1, IPv6: 1, Min Delay: 12 ms, Max Speed: 26.48 M/s, Avg Speed: 16.77 M/s, Max Resolution: 1920x1080
Category: 🌊港·澳·台, Name: 三立台湾, Total: 1, Valid: 1, Valid Percent: 100.00%, Whitelist: 0, IPv4: 1, IPv6: 0, Min Delay: 12 ms, Max Speed: 24.96 M/s, Avg Speed: 24.96 M/s, Max Resolution: 1920x1080
Category: 🌊港·澳·台, Name: 无线新闻, Total: 1, Valid: 1, Valid Percent: 100.00%, Whitelist: 0, IPv4: 0, IPv6: 1, Min Delay: 551 ms, Max Speed: 16.82 M/s, Avg Speed: 16.82 M/s, Max Resolution: 1920x1080
Category: 🌊港·澳·台, Name: 三立新闻, Total: 3, Valid: 3, Valid Percent: 100.00%, Whitelist: 0, IPv4: 1, IPv6: 2, Min Delay: 12 ms, Max Speed: 25.90 M/s, Avg Speed: 9.26 M/s, Max Resolution: 1920x1080
Category: 🌊港·澳·台, Name: 东森综合, Total: 3, Valid: 3, Valid Percent: 100.00%, Whitelist: 0, IPv4: 3, IPv6: 0, Min Delay: 11 ms, Max Speed: 28.32 M/s, Avg Speed: 24.11 M/s, Max Resolution: 1920x1080
Category: 🌊港·澳·台, Name: 东森超视, Total: 4, Valid: 3, Valid Percent: 75.00%, Whitelist: 0, IPv4: 3, IPv6: 1, Min Delay: 11 ms, Max Speed: 28.48 M/s, Avg Speed: 24.86 M/s, Max Resolution: 1920x1080
Category: 🌊港·澳·台, Name: 东森电影, Total: 1, Valid: 1, Valid Percent: 100.00%, Whitelist: 0, IPv4: 1, IPv6: 0, Min Delay: 15 ms, Max Speed: 21.20 M/s, Avg Speed: 21.20 M/s, Max Resolution: 1920x1080
Category: 🌊港·澳·台, Name: Now剧集, Total: 1, Valid: 0, Valid Percent: 0.00%, Whitelist: 0, IPv4: 0, IPv6: 1, Min Delay: -1 ms, Max Speed: 0.00 M/s, Avg Speed: 0.00 M/s, Max Resolution: None
Category: 🌊港·澳·台, Name: Now华剧, Total: 1, Valid: 1, Valid Percent: 100.00%, Whitelist: 0, IPv4: 1, IPv6: 0, Min Delay: 251 ms, Max Speed: 4.56 M/s, Avg Speed: 4.56 M/s, Max Resolution: 864x720
Category: 🌊港·澳·台, Name: 靖天资讯, Total: 21, Valid: 1, Valid Percent: 4.76%, Whitelist: 0, IPv4: 1, IPv6: 20, Min Delay: 15 ms, Max Speed: 20.94 M/s, Avg Speed: 20.94 M/s, Max Resolution: 1920x1080
Category: 🎬电影频道, Name: CHC家庭影院, Total: 48, Valid: 2, Valid Percent: 4.17%, Whitelist: 0, IPv4: 0, IPv6: 48, Min Delay: 316 ms, Max Speed: 1.23 M/s, Avg Speed: 0.92 M/s, Max Resolution: 1920x1080
Category: 🎬电影频道, Name: CHC动作电影, Total: 50, Valid: 4, Valid Percent: 8.00%, Whitelist: 0, IPv4: 0, IPv6: 50, Min Delay: 0.1 ms, Max Speed: 3.47 M/s, Avg Speed: 2.05 M/s, Max Resolution: 1920x1080
Category: 🎬电影频道, Name: CHC高清电影, Total: 7, Valid: 4, Valid Percent: 57.14%, Whitelist: 0, IPv4: 7, IPv6: 0, Min Delay: 3001 ms, Max Speed: 0.17 M/s, Avg Speed: 0.06 M/s, Max Resolution: 1920x1080
Category: 🎮游戏频道, Name: 游戏风云, Total: 2, Valid: 0, Valid Percent: 0.00%, Whitelist: 0, IPv4: 0, IPv6: 2, Min Delay: -1 ms, Max Speed: 0.00 M/s, Avg Speed: 0.00 M/s, Max Resolution: None
Category: 🎮游戏频道, Name: 电竞天堂, Total: 1, Valid: 0, Valid Percent: 0.00%, Whitelist: 0, IPv4: 0, IPv6: 1, Min Delay: -1 ms, Max Speed: 0.00 M/s, Avg Speed: 0.00 M/s, Max Resolution: 1920x1080
Category: 🎮游戏频道, Name: 爱电竞, Total: 1, Valid: 0, Valid Percent: 0.00%, Whitelist: 0, IPv4: 0, IPv6: 1, Min Delay: -1 ms, Max Speed: 0.00 M/s, Avg Speed: 0.00 M/s, Max Resolution: 1920x1080
Category: 🎵音乐频道, Name: CCTV-15, Total: 76, Valid: 12, Valid Percent: 15.79%, Whitelist: 0, IPv4: 0, IPv6: 76, Min Delay: 0.1 ms, Max Speed: 0.00 M/s, Avg Speed: 0.00 M/s, Max Resolution: 1920x1080
Category: 🎵音乐频道, Name: 风云音乐, Total: 1, Valid: 1, Valid Percent: 100.00%, Whitelist: 0, IPv4: 1, IPv6: 0, Min Delay: 861 ms, Max Speed: 6.81 M/s, Avg Speed: 6.81 M/s, Max Resolution: 1920x1080
Category: 🎵音乐频道, Name: 音乐现场, Total: 1, Valid: 1, Valid Percent: 100.00%, Whitelist: 0, IPv4: 1, IPv6: 0, Min Delay: 6 ms, Max Speed: 17.17 M/s, Avg Speed: 17.17 M/s, Max Resolution: None
Category: 🎵音乐频道, Name: 潮流音乐, Total: 1, Valid: 1, Valid Percent: 100.00%, Whitelist: 0, IPv4: 1, IPv6: 0, Min Delay: 1306 ms, Max Speed: 0.18 M/s, Avg Speed: 0.18 M/s, Max Resolution: None
Category: 🎵音乐频道, Name: 音乐广播, Total: 34, Valid: 0, Valid Percent: 0.00%, Whitelist: 0, IPv4: 0, IPv6: 34, Min Delay: -1 ms, Max Speed: 0.00 M/s, Avg Speed: 0.00 M/s, Max Resolution: None
Category: 🎵音乐频道, Name: 浙江之声, Total: 1, Valid: 1, Valid Percent: 100.00%, Whitelist: 0, IPv4: 1, IPv6: 0, Min Delay: 14 ms, Max Speed: 9.27 M/s, Avg Speed: 9.27 M/s, Max Resolution: None
